// Jest Snapshot v1, https://goo.gl/fbAQLP

exports[`renders correctly 1`] = `
<form class="review-form">
  <!---->
  <ul></ul>
  <p><label for="name">Name:</label> <input id="name"></p>
  <p><label for="review">Review:</label> <textarea id="review"></textarea></p>
  <p><label for="rating">Rating:</label> <select id="rating">
      <option>5</option>
      <option>4</option>
      <option>3</option>
      <option>2</option>
      <option>1</option>
    </select></p>
  <p>
    Would you recommend this product?
    <label for="recommend-yes">Yes</label> <input id="recommend-yes" type="radio" value="yes"> <label for="recommend-no">No</label> <input id="recommend-no" type="radio" value="no"></p>
  <p><input id="submit" type="submit"></p>
</form>
`;
